// Jest Snapshot v1, https://goo.gl/fbAQLP

exports[`NavBar should match the snapshot 1`] = `
<nav
  className="NavBar--nav"
>
  <select>
    <option>
      Select a Family
    </option>
    <option>
      Family1
    </option>
  </select>
  <ul>
    <li>
      Stories
    </li>
    <li>
      Photos
    </li>
    <li>
      Recipes
    </li>
  </ul>
</nav>
`;
