// Jest Snapshot v1, https://goo.gl/fbAQLP

exports[`Card should match the snapshot if the current View is Recipes 1`] = `<div />`;

exports[`Card should match the snapshot if the current View is Stories 1`] = `<div />`;

exports[`Card should match the snapshot if the current View is Stories 2`] = `<div />`;
